Archive member included to satisfy reference by file (symbol)

c:/st/stm32cubeide_1.9.0/stm32cubeide/plugins/com.st.stm32cube.ide.mcu.externaltools.gnu-tools-for-stm32.10.3-2021.10.win32_1.0.0.202111181127/tools/bin/../lib/gcc/arm-none-eabi/10.3.1/../../../../arm-none-eabi/lib/thumb/v6-m/nofp\libc_nano.a(lib_a-errno.o)
                              ./Core/Src/syscalls.o (__errno)
c:/st/stm32cubeide_1.9.0/stm32cubeide/plugins/com.st.stm32cube.ide.mcu.externaltools.gnu-tools-for-stm32.10.3-2021.10.win32_1.0.0.202111181127/tools/bin/../lib/gcc/arm-none-eabi/10.3.1/../../../../arm-none-eabi/lib/thumb/v6-m/nofp\libc_nano.a(lib_a-exit.o)
                              c:/st/stm32cubeide_1.9.0/stm32cubeide/plugins/com.st.stm32cube.ide.mcu.externaltools.gnu-tools-for-stm32.10.3-2021.10.win32_1.0.0.202111181127/tools/bin/../lib/gcc/arm-none-eabi/10.3.1/../../../../arm-none-eabi/lib/thumb/v6-m/nofp/crt0.o (exit)
c:/st/stm32cubeide_1.9.0/stm32cubeide/plugins/com.st.stm32cube.ide.mcu.externaltools.gnu-tools-for-stm32.10.3-2021.10.win32_1.0.0.202111181127/tools/bin/../lib/gcc/arm-none-eabi/10.3.1/../../../../arm-none-eabi/lib/thumb/v6-m/nofp\libc_nano.a(lib_a-impure.o)
                              c:/st/stm32cubeide_1.9.0/stm32cubeide/plugins/com.st.stm32cube.ide.mcu.externaltools.gnu-tools-for-stm32.10.3-2021.10.win32_1.0.0.202111181127/tools/bin/../lib/gcc/arm-none-eabi/10.3.1/../../../../arm-none-eabi/lib/thumb/v6-m/nofp\libc_nano.a(lib_a-exit.o) (_global_impure_ptr)
c:/st/stm32cubeide_1.9.0/stm32cubeide/plugins/com.st.stm32cube.ide.mcu.externaltools.gnu-tools-for-stm32.10.3-2021.10.win32_1.0.0.202111181127/tools/bin/../lib/gcc/arm-none-eabi/10.3.1/../../../../arm-none-eabi/lib/thumb/v6-m/nofp\libc_nano.a(lib_a-init.o)
                              c:/st/stm32cubeide_1.9.0/stm32cubeide/plugins/com.st.stm32cube.ide.mcu.externaltools.gnu-tools-for-stm32.10.3-2021.10.win32_1.0.0.202111181127/tools/bin/../lib/gcc/arm-none-eabi/10.3.1/../../../../arm-none-eabi/lib/thumb/v6-m/nofp/crt0.o (__libc_init_array)
c:/st/stm32cubeide_1.9.0/stm32cubeide/plugins/com.st.stm32cube.ide.mcu.externaltools.gnu-tools-for-stm32.10.3-2021.10.win32_1.0.0.202111181127/tools/bin/../lib/gcc/arm-none-eabi/10.3.1/../../../../arm-none-eabi/lib/thumb/v6-m/nofp\libc_nano.a(lib_a-memset.o)
                              c:/st/stm32cubeide_1.9.0/stm32cubeide/plugins/com.st.stm32cube.ide.mcu.externaltools.gnu-tools-for-stm32.10.3-2021.10.win32_1.0.0.202111181127/tools/bin/../lib/gcc/arm-none-eabi/10.3.1/../../../../arm-none-eabi/lib/thumb/v6-m/nofp/crt0.o (memset)
c:/st/stm32cubeide_1.9.0/stm32cubeide/plugins/com.st.stm32cube.ide.mcu.externaltools.gnu-tools-for-stm32.10.3-2021.10.win32_1.0.0.202111181127/tools/bin/../lib/gcc/arm-none-eabi/10.3.1/../../../../arm-none-eabi/lib/thumb/v6-m/nofp\libc_nano.a(lib_a-sprintf.o)
                              ./Core/Src/LCD.o (sprintf)
c:/st/stm32cubeide_1.9.0/stm32cubeide/plugins/com.st.stm32cube.ide.mcu.externaltools.gnu-tools-for-stm32.10.3-2021.10.win32_1.0.0.202111181127/tools/bin/../lib/gcc/arm-none-eabi/10.3.1/../../../../arm-none-eabi/lib/thumb/v6-m/nofp\libc_nano.a(lib_a-strlen.o)
                              ./Core/Src/LCD.o (strlen)
c:/st/stm32cubeide_1.9.0/stm32cubeide/plugins/com.st.stm32cube.ide.mcu.externaltools.gnu-tools-for-stm32.10.3-2021.10.win32_1.0.0.202111181127/tools/bin/../lib/gcc/arm-none-eabi/10.3.1/../../../../arm-none-eabi/lib/thumb/v6-m/nofp\libc_nano.a(lib_a-nano-svfprintf.o)
                              c:/st/stm32cubeide_1.9.0/stm32cubeide/plugins/com.st.stm32cube.ide.mcu.externaltools.gnu-tools-for-stm32.10.3-2021.10.win32_1.0.0.202111181127/tools/bin/../lib/gcc/arm-none-eabi/10.3.1/../../../../arm-none-eabi/lib/thumb/v6-m/nofp\libc_nano.a(lib_a-sprintf.o) (_svfprintf_r)
c:/st/stm32cubeide_1.9.0/stm32cubeide/plugins/com.st.stm32cube.ide.mcu.externaltools.gnu-tools-for-stm32.10.3-2021.10.win32_1.0.0.202111181127/tools/bin/../lib/gcc/arm-none-eabi/10.3.1/../../../../arm-none-eabi/lib/thumb/v6-m/nofp\libc_nano.a(lib_a-nano-vfprintf_i.o)
                              c:/st/stm32cubeide_1.9.0/stm32cubeide/plugins/com.st.stm32cube.ide.mcu.externaltools.gnu-tools-for-stm32.10.3-2021.10.win32_1.0.0.202111181127/tools/bin/../lib/gcc/arm-none-eabi/10.3.1/../../../../arm-none-eabi/lib/thumb/v6-m/nofp\libc_nano.a(lib_a-nano-svfprintf.o) (_printf_i)
c:/st/stm32cubeide_1.9.0/stm32cubeide/plugins/com.st.stm32cube.ide.mcu.externaltools.gnu-tools-for-stm32.10.3-2021.10.win32_1.0.0.202111181127/tools/bin/../lib/gcc/arm-none-eabi/10.3.1/../../../../arm-none-eabi/lib/thumb/v6-m/nofp\libc_nano.a(lib_a-memchr-stub.o)
                              c:/st/stm32cubeide_1.9.0/stm32cubeide/plugins/com.st.stm32cube.ide.mcu.externaltools.gnu-tools-for-stm32.10.3-2021.10.win32_1.0.0.202111181127/tools/bin/../lib/gcc/arm-none-eabi/10.3.1/../../../../arm-none-eabi/lib/thumb/v6-m/nofp\libc_nano.a(lib_a-nano-svfprintf.o) (memchr)
[...]
Memory Configuration

Name             Origin             Length             Attributes
RAM              0x0000000020000000 0x0000000000004000 xrw
FLASH            0x0000000008000000 0x0000000000020000 xr
*default*        0x0000000000000000 0xffffffffffffffff

Linker script and memory map

LOAD c:/st/stm32cubeide_1.9.0/stm32cubeide/plugins/com.st.stm32cube.ide.mcu.externaltools.gnu-tools-for-stm32.10.3-2021.10.win32_1.0.0.202111181127/tools/bin/../lib/gcc/arm-none-eabi/10.3.1/thumb/v6-m/nofp/crti.o
LOAD c:/st/stm32cubeide_1.9.0/stm32cubeide/plugins/com.st.stm32cube.ide.mcu.externaltools.gnu-tools-for-stm32.10.3-2021.10.win32_1.0.0.202111181127/tools/bin/../lib/gcc/arm-none-eabi/10.3.1/thumb/v6-m/nofp/crtbegin.o
LOAD c:/st/stm32cubeide_1.9.0/stm32cubeide/plugins/com.st.stm32cube.ide.mcu.externaltools.gnu-tools-for-stm32.10.3-2021.10.win32_1.0.0.202111181127/tools/bin/../lib/gcc/arm-none-eabi/10.3.1/../../../../arm-none-eabi/lib/thumb/v6-m/nofp/crt0.o
LOAD ./Core/Src/DPU_3200_48.o
LOAD ./Core/Src/LCD.o
LOAD ./Core/Src/main.o
LOAD ./Core/Src/stm32f0xx_hal_msp.o
LOAD ./Core/Src/stm32f0xx_it.o
LOAD ./Core/Src/syscalls.o
LOAD ./Core/Src/sysmem.o
LOAD ./Core/Src/system_stm32f0xx.o
LOAD ./Core/Startup/startup_stm32f072rbtx.o
LOAD ./Drivers/STM32F0xx_HAL_Driver/Src/stm32f0xx_hal.o
LOAD ./Drivers/STM32F0xx_HAL_Driver/Src/stm32f0xx_hal_adc.o
LOAD ./Drivers/STM32F0xx_HAL_Driver/Src/stm32f0xx_hal_adc_ex.o
LOAD ./Drivers/STM32F0xx_HAL_Driver/Src/stm32f0xx_hal_cortex.o
LOAD ./Drivers/STM32F0xx_HAL_Driver/Src/stm32f0xx_hal_dma.o
LOAD ./Drivers/STM32F0xx_HAL_Driver/Src/stm32f0xx_hal_exti.o
LOAD ./Drivers/STM32F0xx_HAL_Driver/Src/stm32f0xx_hal_flash.o
LOAD ./Drivers/STM32F0xx_HAL_Driver/Src/stm32f0xx_hal_flash_ex.o
LOAD ./Drivers/STM32F0xx_HAL_Driver/Src/stm32f0xx_hal_gpio.o
LOAD ./Drivers/STM32F0xx_HAL_Driver/Src/stm32f0xx_hal_i2c.o
LOAD ./Drivers/STM32F0xx_HAL_Driver/Src/stm32f0xx_hal_i2c_ex.o
LOAD ./Drivers/STM32F0xx_HAL_Driver/Src/stm32f0xx_hal_pwr.o
LOAD ./Drivers/STM32F0xx_HAL_Driver/Src/stm32f0xx_hal_pwr_ex.o
LOAD ./Drivers/STM32F0xx_HAL_Driver/Src/stm32f0xx_hal_rcc.o
LOAD ./Drivers/STM32F0xx_HAL_Driver/Src/stm32f0xx_hal_rcc_ex.o
LOAD ./Drivers/STM32F0xx_HAL_Driver/Src/stm32f0xx_hal_tim.o
LOAD ./Drivers/STM32F0xx_HAL_Driver/Src/stm32f0xx_hal_tim_ex.o
START GROUP
LOAD c:/st/stm32cubeide_1.9.0/stm32cubeide/plugins/com.st.stm32cube.ide.mcu.externaltools.gnu-tools-for-stm32.10.3-2021.10.win32_1.0.0.202111181127/tools/bin/../lib/gcc/arm-none-eabi/10.3.1/../../../../arm-none-eabi/lib/thumb/v6-m/nofp\libc_nano.a
LOAD c:/st/stm32cubeide_1.9.0/stm32cubeide/plugins/com.st.stm32cube.ide.mcu.externaltools.gnu-tools-for-stm32.10.3-2021.10.win32_1.0.0.202111181127/tools/bin/../lib/gcc/arm-none-eabi/10.3.1/../../../../arm-none-eabi/lib/thumb/v6-m/nofp\libm.a
END GROUP
START GROUP
LOAD c:/st/stm32cubeide_1.9.0/stm32cubeide/plugins/com.st.stm32cube.ide.mcu.externaltools.gnu-tools-for-stm32.10.3-2021.10.win32_1.0.0.202111181127/tools/bin/../lib/gcc/arm-none-eabi/10.3.1/thumb/v6-m/nofp\libgcc.a
LOAD c:/st/stm32cubeide_1.9.0/stm32cubeide/plugins/com.st.stm32cube.ide.mcu.externaltools.gnu-tools-for-stm32.10.3-2021.10.win32_1.0.0.202111181127/tools/bin/../lib/gcc/arm-none-eabi/10.3.1/../../../../arm-none-eabi/lib/thumb/v6-m/nofp\libc_nano.a
END GROUP
START GROUP
LOAD c:/st/stm32cubeide_1.9.0/stm32cubeide/plugins/com.st.stm32cube.ide.mcu.externaltools.gnu-tools-for-stm32.10.3-2021.10.win32_1.0.0.202111181127/tools/bin/../lib/gcc/arm-none-eabi/10.3.1/thumb/v6-m/nofp\libgcc.a
LOAD c:/st/stm32cubeide_1.9.0/stm32cubeide/plugins/com.st.stm32cube.ide.mcu.externaltools.gnu-tools-for-stm32.10.3-2021.10.win32_1.0.0.202111181127/tools/bin/../lib/gcc/arm-none-eabi/10.3.1/../../../../arm-none-eabi/lib/thumb/v6-m/nofp\libc_nano.a
LOAD c:/st/stm32cubeide_1.9.0/stm32cubeide/plugins/com.st.stm32cube.ide.mcu.externaltools.gnu-tools-for-stm32.10.3-2021.10.win32_1.0.0.202111181127/tools/bin/../lib/gcc/arm-none-eabi/10.3.1/../../../../arm-none-eabi/lib/thumb/v6-m/nofp\libnosys.a
END GROUP
START GROUP
LOAD c:/st/stm32cubeide_1.9.0/stm32cubeide/plugins/com.st.stm32cube.ide.mcu.externaltools.gnu-tools-for-stm32.10.3-2021.10.win32_1.0.0.202111181127/tools/bin/../lib/gcc/arm-none-eabi/10.3.1/thumb/v6-m/nofp\libgcc.a
LOAD c:/st/stm32cubeide_1.9.0/stm32cubeide/plugins/com.st.stm32cube.ide.mcu.externaltools.gnu-tools-for-stm32.10.3-2021.10.win32_1.0.0.202111181127/tools/bin/../lib/gcc/arm-none-eabi/10.3.1/../../../../arm-none-eabi/lib/thumb/v6-m/nofp\libc_nano.a
LOAD c:/st/stm32cubeide_1.9.0/stm32cubeide/plugins/com.st.stm32cube.ide.mcu.externaltools.gnu-tools-for-stm32.10.3-2021.10.win32_1.0.0.202111181127/tools/bin/../lib/gcc/arm-none-eabi/10.3.1/../../../../arm-none-eabi/lib/thumb/v6-m/nofp\libnosys.a
END GROUP
LOAD c:/st/stm32cubeide_1.9.0/stm32cubeide/plugins/com.st.stm32cube.ide.mcu.externaltools.gnu-tools-for-stm32.10.3-2021.10.win32_1.0.0.202111181127/tools/bin/../lib/gcc/arm-none-eabi/10.3.1/thumb/v6-m/nofp/crtend.o
LOAD c:/st/stm32cubeide_1.9.0/stm32cubeide/plugins/com.st.stm32cube.ide.mcu.externaltools.gnu-tools-for-stm32.10.3-2021.10.win32_1.0.0.202111181127/tools/bin/../lib/gcc/arm-none-eabi/10.3.1/thumb/v6-m/nofp/crtn.o
                0x0000000020004000                _estack = (ORIGIN (RAM) + LENGTH (RAM))
                0x0000000000000200                _Min_Heap_Size = 0x200
                0x0000000000000400                _Min_Stack_Size = 0x400

.isr_vector     0x0000000008000000       0xc0
                0x0000000008000000                . = ALIGN (0x4)
 *(.isr_vector)
 .isr_vector    0x0000000008000000       0xc0 ./Core/Startup/startup_stm32f072rbtx.o
                0x0000000008000000                g_pfnVectors
                0x00000000080000c0                . = ALIGN (0x4)

.text           0x00000000080000c0     0x40d8
                0x00000000080000c0                . = ALIGN (0x4)
 *(.text)
 .text          0x00000000080000c0       0x48 c:/st/stm32cubeide_1.9.0/stm32cubeide/plugins/com.st.stm32cube.ide.mcu.externaltools.gnu-tools-for-stm32.10.3-2021.10.win32_1.0.0.202111181127/tools/bin/../lib/gcc/arm-none-eabi/10.3.1/thumb/v6-m/nofp/crtbegin.o
 .text          0x0000000008000108        0xe c:/st/stm32cubeide_1.9.0/stm32cubeide/plugins/com.st.stm32cube.ide.mcu.externaltools.gnu-tools-for-stm32.10.3-2021.10.win32_1.0.0.202111181127/tools/bin/../lib/gcc/arm-none-eabi/10.3.1/../../../../arm-none-eabi/lib/thumb/v6-m/nofp\libc_nano.a(lib_a-strlen.o)
                0x0000000008000108                strlen
 *fill*         0x0000000008000116        0x2 
 .text          0x0000000008000118      0x114 c:/st/stm32cubeide_1.9.0/stm32cubeide/plugins/com.st.stm32cube.ide.mcu.externaltools.gnu-tools-for-stm32.10.3-2021.10.win32_1.0.0.202111181127/tools/bin/../lib/gcc/arm-none-eabi/10.3.1/thumb/v6-m/nofp\libgcc.a(_udivsi3.o)
                0x0000000008000118                __aeabi_uidiv
                0x0000000008000118                __udivsi3
                0x0000000008000224                __aeabi_uidivmod
 .text          0x000000000800022c      0x1d4 c:/st/stm32cubeide_1.9.0/stm32cubeide/plugins/com.st.stm32cube.ide.mcu.externaltools.gnu-tools-for-stm32.10.3-2021.10.win32_1.0.0.202111181127/tools/bin/../lib/gcc/arm-none-eabi/10.3.1/thumb/v6-m/nofp\libgcc.a(_divsi3.o)
                0x000000000800022c                __divsi3
                0x000000000800022c                __aeabi_idiv
                0x00000000080003f8                __aeabi_idivmod
 .text          0x0000000008000400        0x4 c:/st/stm32cubeide_1.9.0/stm32cubeide/plugins/com.st.stm32cube.ide.mcu.externaltools.gnu-tools-for-stm32.10.3-2021.10.win32_1.0.0.202111181127/tools/bin/../lib/gcc/arm-none-eabi/10.3.1/thumb/v6-m/nofp\libgcc.a(_dvmd_tls.o)
                0x0000000008000400                __aeabi_idiv0
                0x0000000008000400                __aeabi_ldiv0
 *(.text*)
 .text.DPU_Average
                0x0000000008000404       0x58 ./Core/Src/DPU_3200_48.o
                0x0000000008000404                DPU_Average
 .text.ControlVoltage
                0x000000000800045c      0x208 ./Core/Src/DPU_3200_48.o
                0x000000000800045c                ControlVoltage
 .text.delay    0x0000000008000664       0x20 ./Core/Src/DPU_3200_48.o
                0x0000000008000664                delay
 .text.long_delay
                0x0000000008000684       0x2c ./Core/Src/DPU_3200_48.o
                0x0000000008000684                long_delay
 .text.Lcd_create
                0x00000000080006b0       0x6c ./Core/Src/LCD.o
                0x00000000080006b0                Lcd_create
 .text.Lcd_init
                0x000000000800071c       0x60 ./Core/Src/LCD.o
                0x000000000800071c                Lcd_init
 .text.Lcd_string
                0x000000000800077c       0x52 ./Core/Src/LCD.o
                0x000000000800077c                Lcd_string
 *fill*         0x00000000080007ce        0x2 
 .text.Lcd_cursor
                0x00000000080007d0       0x44 ./Core/Src/LCD.o
                0x00000000080007d0                Lcd_cursor
 .text.Lcd_clear
                0x0000000008000814       0x1a ./Core/Src/LCD.o
                0x0000000008000814                Lcd_clear
 .text.lcd_write_command
                0x000000000800082e       0x64 ./Core/Src/LCD.o
 .text.lcd_write_data
                0x0000000008000892       0x64 ./Core/Src/LCD.o
 .text.Delay    0x00000000080008f6       0x68 ./Core/Src/LCD.o
                0x00000000080008f6                Delay
 .text.lcd_write
                0x000000000800095e       0xa0 ./Core/Src/LCD.o
 *fill*         0x00000000080009fe        0x2 
 .text.main     0x0000000008000a00      0x14c ./Core/Src/main.o
                0x0000000008000a00                main
 .text.SystemClock_Config
                0x0000000008000b4c       0x86 ./Core/Src/main.o
                0x0000000008000b4c                SystemClock_Config
 *fill*         0x0000000008000bd2        0x2 
 .text.MX_ADC_Init
                0x0000000008000bd4      0x104 ./Core/Src/main.o
 .text.MX_TIM2_Init
                0x0000000008000cd8       0xa8 ./Core/Src/main.o
 .text.MX_TIM3_Init
                0x0000000008000d80      0x100 ./Core/Src/main.o
 .text.MX_DMA_Init
                0x0000000008000e80       0x2c ./Core/Src/main.o
 .text.MX_GPIO_Init
                0x0000000008000eac       0xd8 ./Core/Src/main.o
 .text.Bitwise  0x0000000008000f84       0xc0 ./Core/Src/main.o
                0x0000000008000f84                Bitwise
 .text.DPU_Display
                0x0000000008001044      0x1e8 ./Core/Src/main.o
                0x0000000008001044                DPU_Display
 .text.EncoderAPI
                0x000000000800122c       0xc4 ./Core/Src/main.o
                0x000000000800122c                EncoderAPI
 .text.HAL_TIM_PeriodElapsedCallback
                0x00000000080012f0       0x44 ./Core/Src/main.o
                0x00000000080012f0                HAL_TIM_PeriodElapsedCallback
 .text.Error_Handler
                0x0000000008001334        0xa ./Core/Src/main.o
                0x0000000008001334                Error_Handler
 *fill*         0x000000000800133e        0x2 
 .text.HAL_MspInit
                0x0000000008001340       0x48 ./Core/Src/stm32f0xx_hal_msp.o
                0x0000000008001340                HAL_MspInit
 .text.HAL_ADC_MspInit
                0x0000000008001388       0xe4 ./Core/Src/stm32f0xx_hal_msp.o
                0x0000000008001388                HAL_ADC_MspInit
 .text.HAL_TIM_Base_MspInit
                0x000000000800146c       0x70 ./Core/Src/stm32f0xx_hal_msp.o
                0x000000000800146c                HAL_TIM_Base_MspInit
 .text.HAL_TIM_MspPostInit
                0x00000000080014dc       0x80 ./Core/Src/stm32f0xx_hal_msp.o
                0x00000000080014dc                HAL_TIM_MspPostInit
 .text.NMI_Handler
                0x000000000800155c        0x6 ./Core/Src/stm32f0xx_it.o
                0x000000000800155c                NMI_Handler
 .text.HardFault_Handler
                0x0000000008001562        0x6 ./Core/Src/stm32f0xx_it.o
                0x0000000008001562                HardFault_Handler
 .text.SVC_Handler
                0x0000000008001568        0xa ./Core/Src/stm32f0xx_it.o
                0x0000000008001568                SVC_Handler
 .text.PendSV_Handler
                0x0000000008001572        0xa ./Core/Src/stm32f0xx_it.o
                0x0000000008001572                PendSV_Handler
 .text.SysTick_Handler
                0x000000000800157c        0xe ./Core/Src/stm32f0xx_it.o
                0x000000000800157c                SysTick_Handler
 *fill*         0x000000000800158a        0x2 
 .text.DMA1_Channel1_IRQHandler
                0x000000000800158c       0x18 ./Core/Src/stm32f0xx_it.o
                0x000000000800158c                DMA1_Channel1_IRQHandler
 .text.TIM2_IRQHandler
                0x00000000080015a4       0x18 ./Core/Src/stm32f0xx_it.o
                0x00000000080015a4                TIM2_IRQHandler
 .text.SystemInit
                0x00000000080015bc        0xa ./Core/Src/system_stm32f0xx.o
                0x00000000080015bc                SystemInit
 *fill*         0x00000000080015c6        0x2 
 .text.Reset_Handler
                0x00000000080015c8       0x50 ./Core/Startup/startup_stm32f072rbtx.o
                0x00000000080015c8                Reset_Handler
 .text.Default_Handler
                0x0000000008001618        0x2 ./Core/Startup/startup_stm32f072rbtx.o
                0x0000000008001618                TIM1_CC_IRQHandler
                0x0000000008001618                TSC_IRQHandler
                0x0000000008001618                ADC1_COMP_IRQHandler
                0x0000000008001618                I2C1_IRQHandler
                0x0000000008001618                RCC_CRS_IRQHandler
                0x0000000008001618                SPI1_IRQHandler
                0x0000000008001618                TIM6_DAC_IRQHandler
                0x0000000008001618                USART3_4_IRQHandler
                0x0000000008001618                EXTI2_3_IRQHandler
                0x0000000008001618                I2C2_IRQHandler
                0x0000000008001618                TIM17_IRQHandler
                0x0000000008001618                CEC_CAN_IRQHandler
                0x0000000008001618                RTC_IRQHandler
                0x0000000008001618                PVD_VDDIO2_IRQHandler
                0x0000000008001618                DMA1_Channel4_5_6_7_IRQHandler
                0x0000000008001618                TIM16_IRQHandler
                0x0000000008001618                TIM3_IRQHandler
                0x0000000008001618                EXTI4_15_IRQHandler
                0x0000000008001618                Default_Handler
                0x0000000008001618                TIM14_IRQHandler
                0x0000000008001618                TIM7_IRQHandler
                0x0000000008001618                TIM15_IRQHandler
                0x0000000008001618                EXTI0_1_IRQHandler
                0x0000000008001618                USB_IRQHandler
                0x0000000008001618                SPI2_IRQHandler
                0x0000000008001618                WWDG_IRQHandler
                0x0000000008001618                DMA1_Channel2_3_IRQHandler
                0x0000000008001618                USART2_IRQHandler
                0x0000000008001618                FLASH_IRQHandler
                0x0000000008001618                USART1_IRQHandler
                0x0000000008001618                TIM1_BRK_UP_TRG_COM_IRQHandler
 *fill*         0x000000000800161a        0x2 
 .text.HAL_Init
                0x000000000800161c       0x28 ./Drivers/STM32F0xx_HAL_Driver/Src/stm32f0xx_hal.o
                0x000000000800161c                HAL_Init
 .text.HAL_InitTick
                0x0000000008001644       0x68 ./Drivers/STM32F0xx_HAL_Driver/Src/stm32f0xx_hal.o
                0x0000000008001644                HAL_InitTick
 .text.HAL_IncTick
                0x00000000080016ac       0x24 ./Drivers/STM32F0xx_HAL_Driver/Src/stm32f0xx_hal.o
                0x00000000080016ac                HAL_IncTick
 .text.HAL_GetTick
                0x00000000080016d0       0x14 ./Drivers/STM32F0xx_HAL_Driver/Src/stm32f0xx_hal.o
                0x00000000080016d0                HAL_GetTick
 .text.HAL_ADC_Init
                0x00000000080016e4      0x280 ./Drivers/STM32F0xx_HAL_Driver/Src/stm32f0xx_hal_adc.o
                0x00000000080016e4                HAL_ADC_Init
 .text.HAL_ADC_Start_DMA
                0x0000000008001964      0x104 ./Drivers/STM32F0xx_HAL_Driver/Src/stm32f0xx_hal_adc.o
                0x0000000008001964                HAL_ADC_Start_DMA
 .text.HAL_ADC_ConvCpltCallback
                0x0000000008001a68       0x10 ./Drivers/STM32F0xx_HAL_Driver/Src/stm32f0xx_hal_adc.o
                0x0000000008001a68                HAL_ADC_ConvCpltCallback
 .text.HAL_ADC_ConvHalfCpltCallback
                0x0000000008001a78       0x10 ./Drivers/STM32F0xx_HAL_Driver/Src/stm32f0xx_hal_adc.o
                0x0000000008001a78                HAL_ADC_ConvHalfCpltCallback
 .text.HAL_ADC_ErrorCallback
                0x0000000008001a88       0x10 ./Drivers/STM32F0xx_HAL_Driver/Src/stm32f0xx_hal_adc.o
                0x0000000008001a88                HAL_ADC_ErrorCallback
 .text.HAL_ADC_ConfigChannel
                0x0000000008001a98      0x21c ./Drivers/STM32F0xx_HAL_Driver/Src/stm32f0xx_hal_adc.o
                0x0000000008001a98                HAL_ADC_ConfigChannel
 .text.ADC_Enable
                0x0000000008001cb4      0x108 ./Drivers/STM32F0xx_HAL_Driver/Src/stm32f0xx_hal_adc.o
 .text.ADC_DMAConvCplt
                0x0000000008001dbc       0xb4 ./Drivers/STM32F0xx_HAL_Driver/Src/stm32f0xx_hal_adc.o
 .text.ADC_DMAHalfConvCplt
                0x0000000008001e70       0x1e ./Drivers/STM32F0xx_HAL_Driver/Src/stm32f0xx_hal_adc.o
 .text.ADC_DMAError
                0x0000000008001e8e       0x36 ./Drivers/STM32F0xx_HAL_Driver/Src/stm32f0xx_hal_adc.o
 .text.__NVIC_EnableIRQ
                0x0000000008001ec4       0x34 ./Drivers/STM32F0xx_HAL_Driver/Src/stm32f0xx_hal_cortex.o
 .text.__NVIC_SetPriority
                0x0000000008001ef8       0xdc ./Drivers/STM32F0xx_HAL_Driver/Src/stm32f0xx_hal_cortex.o
 .text.SysTick_Config
                0x0000000008001fd4       0x48 ./Drivers/STM32F0xx_HAL_Driver/Src/stm32f0xx_hal_cortex.o
 .text.HAL_NVIC_SetPriority
                0x000000000800201c       0x2a ./Drivers/STM32F0xx_HAL_Driver/Src/stm32f0xx_hal_cortex.o
                0x000000000800201c                HAL_NVIC_SetPriority
 .text.HAL_NVIC_EnableIRQ
                0x0000000008002046       0x20 ./Drivers/STM32F0xx_HAL_Driver/Src/stm32f0xx_hal_cortex.o
                0x0000000008002046                HAL_NVIC_EnableIRQ
 .text.HAL_SYSTICK_Config
                0x0000000008002066       0x1a ./Drivers/STM32F0xx_HAL_Driver/Src/stm32f0xx_hal_cortex.o
                0x0000000008002066                HAL_SYSTICK_Config
 .text.HAL_DMA_Init
                0x0000000008002080       0x90 ./Drivers/STM32F0xx_HAL_Driver/Src/stm32f0xx_hal_dma.o
                0x0000000008002080                HAL_DMA_Init
 .text.HAL_DMA_Start_IT
                0x0000000008002110       0xcc ./Drivers/STM32F0xx_HAL_Driver/Src/stm32f0xx_hal_dma.o
                0x0000000008002110                HAL_DMA_Start_IT
 .text.HAL_DMA_IRQHandler
                0x00000000080021dc      0x144 ./Drivers/STM32F0xx_HAL_Driver/Src/stm32f0xx_hal_dma.o
                0x00000000080021dc                HAL_DMA_IRQHandler
 .text.DMA_SetConfig
                0x0000000008002320       0x58 ./Drivers/STM32F0xx_HAL_Driver/Src/stm32f0xx_hal_dma.o
 .text.DMA_CalcBaseAndBitshift
                0x0000000008002378       0x38 ./Drivers/STM32F0xx_HAL_Driver/Src/stm32f0xx_hal_dma.o
 .text.HAL_GPIO_Init
                0x00000000080023b0      0x2f0 ./Drivers/STM32F0xx_HAL_Driver/Src/stm32f0xx_hal_gpio.o
                0x00000000080023b0                HAL_GPIO_Init
 .text.HAL_GPIO_ReadPin
                0x00000000080026a0       0x3a ./Drivers/STM32F0xx_HAL_Driver/Src/stm32f0xx_hal_gpio.o
                0x00000000080026a0                HAL_GPIO_ReadPin
 .text.HAL_GPIO_WritePin
                0x00000000080026da       0x3a ./Drivers/STM32F0xx_HAL_Driver/Src/stm32f0xx_hal_gpio.o
                0x00000000080026da                HAL_GPIO_WritePin
 .text.HAL_RCC_OscConfig
                0x0000000008002714      0x70c ./Drivers/STM32F0xx_HAL_Driver/Src/stm32f0xx_hal_rcc.o
                0x0000000008002714                HAL_RCC_OscConfig
 .text.HAL_RCC_ClockConfig
                0x0000000008002e20      0x1b4 ./Drivers/STM32F0xx_HAL_Driver/Src/stm32f0xx_hal_rcc.o
                0x0000000008002e20                HAL_RCC_ClockConfig
 .text.HAL_RCC_GetSysClockFreq
                0x0000000008002fd4      0x100 ./Drivers/STM32F0xx_HAL_Driver/Src/stm32f0xx_hal_rcc.o
                0x0000000008002fd4                HAL_RCC_GetSysClockFreq
 .text.HAL_TIM_Base_Init
                0x00000000080030d4       0xa0 ./Drivers/STM32F0xx_HAL_Driver/Src/stm32f0xx_hal_tim.o
                0x00000000080030d4                HAL_TIM_Base_Init
 .text.HAL_TIM_Base_Start_IT
                0x0000000008003174       0xa4 ./Drivers/STM32F0xx_HAL_Driver/Src/stm32f0xx_hal_tim.o
                0x0000000008003174                HAL_TIM_Base_Start_IT
 .text.HAL_TIM_PWM_Init
                0x0000000008003218       0xa0 ./Drivers/STM32F0xx_HAL_Driver/Src/stm32f0xx_hal_tim.o
                0x0000000008003218                HAL_TIM_PWM_Init
 .text.HAL_TIM_PWM_MspInit
                0x00000000080032b8       0x10 ./Drivers/STM32F0xx_HAL_Driver/Src/stm32f0xx_hal_tim.o
                0x00000000080032b8                HAL_TIM_PWM_MspInit
 .text.HAL_TIM_PWM_Start
                0x00000000080032c8      0x170 ./Drivers/STM32F0xx_HAL_Driver/Src/stm32f0xx_hal_tim.o
                0x00000000080032c8                HAL_TIM_PWM_Start
 .text.HAL_TIM_IRQHandler
                0x0000000008003438      0x22c ./Drivers/STM32F0xx_HAL_Driver/Src/stm32f0xx_hal_tim.o
                0x0000000008003438                HAL_TIM_IRQHandler
 .text.HAL_TIM_PWM_ConfigChannel
                0x0000000008003664      0x18c ./Drivers/STM32F0xx_HAL_Driver/Src/stm32f0xx_hal_tim.o
                0x0000000008003664                HAL_TIM_PWM_ConfigChannel
 .text.HAL_TIM_ConfigClockSource
                0x00000000080037f0      0x1a8 ./Drivers/STM32F0xx_HAL_Driver/Src/stm32f0xx_hal_tim.o
                0x00000000080037f0                HAL_TIM_ConfigClockSource
 .text.HAL_TIM_OC_DelayElapsedCallback
                0x0000000008003998       0x10 ./Drivers/STM32F0xx_HAL_Driver/Src/stm32f0xx_hal_tim.o
                0x0000000008003998                HAL_TIM_OC_DelayElapsedCallback
 .text.HAL_TIM_IC_CaptureCallback
                0x00000000080039a8       0x10 ./Drivers/STM32F0xx_HAL_Driver/Src/stm32f0xx_hal_tim.o
                0x00000000080039a8                HAL_TIM_IC_CaptureCallback
 .text.HAL_TIM_PWM_PulseFinishedCallback
                0x00000000080039b8       0x10 ./Drivers/STM32F0xx_HAL_Driver/Src/stm32f0xx_hal_tim.o
                0x00000000080039b8                HAL_TIM_PWM_PulseFinishedCallback
 .text.HAL_TIM_TriggerCallback
                0x00000000080039c8       0x10 ./Drivers/STM32F0xx_HAL_Driver/Src/stm32f0xx_hal_tim.o
                0x00000000080039c8                HAL_TIM_TriggerCallback
 .text.TIM_Base_SetConfig
                0x00000000080039d8      0x100 ./Drivers/STM32F0xx_HAL_Driver/Src/stm32f0xx_hal_tim.o
                0x00000000080039d8                TIM_Base_SetConfig
 .text.TIM_OC1_SetConfig
                0x0000000008003ad8      0x110 ./Drivers/STM32F0xx_HAL_Driver/Src/stm32f0xx_hal_tim.o
 .text.TIM_OC2_SetConfig
                0x0000000008003be8      0x108 ./Drivers/STM32F0xx_HAL_Driver/Src/stm32f0xx_hal_tim.o
                0x0000000008003be8                TIM_OC2_SetConfig
 .text.TIM_OC3_SetConfig
                0x0000000008003cf0      0x10c ./Drivers/STM32F0xx_HAL_Driver/Src/stm32f0xx_hal_tim.o
 .text.TIM_OC4_SetConfig
                0x0000000008003dfc       0xd4 ./Drivers/STM32F0xx_HAL_Driver/Src/stm32f0xx_hal_tim.o
 .text.TIM_TI1_ConfigInputStage
                0x0000000008003ed0       0x5c ./Drivers/STM32F0xx_HAL_Driver/Src/stm32f0xx_hal_tim.o
 .text.TIM_TI2_ConfigInputStage
                0x0000000008003f2c       0x64 ./Drivers/STM32F0xx_HAL_Driver/Src/stm32f0xx_hal_tim.o
 .text.TIM_ITRx_SetConfig
                0x0000000008003f90       0x32 ./Drivers/STM32F0xx_HAL_Driver/Src/stm32f0xx_hal_tim.o
 *fill*         0x0000000008003fc2        0x2 
 .text.TIM_ETR_SetConfig
                0x0000000008003fc4       0x40 ./Drivers/STM32F0xx_HAL_Driver/Src/stm32f0xx_hal_tim.o
                0x0000000008003fc4                TIM_ETR_SetConfig
 .text.TIM_CCxChannelCmd
                0x0000000008004004       0x46 ./Drivers/STM32F0xx_HAL_Driver/Src/stm32f0xx_hal_tim.o
                0x0000000008004004                TIM_CCxChannelCmd
 *fill*         0x000000000800404a        0x2 
 .text.HAL_TIMEx_MasterConfigSynchronization
                0x000000000800404c       0xbc ./Drivers/STM32F0xx_HAL_Driver/Src/stm32f0xx_hal_tim_ex.o
                0x000000000800404c                HAL_TIMEx_MasterConfigSynchronization
 .text.HAL_TIMEx_CommutCallback
                0x0000000008004108       0x10 ./Drivers/STM32F0xx_HAL_Driver/Src/stm32f0xx_hal_tim_ex.o
                0x0000000008004108                HAL_TIMEx_CommutCallback
 .text.HAL_TIMEx_BreakCallback
                0x0000000008004118       0x10 ./Drivers/STM32F0xx_HAL_Driver/Src/stm32f0xx_hal_tim_ex.o
                0x0000000008004118                HAL_TIMEx_BreakCallback
 .text.__libc_init_array
                0x0000000008004128       0x48 c:/st/stm32cubeide_1.9.0/stm32cubeide/plugins/com.st.stm32cube.ide.mcu.externaltools.gnu-tools-for-stm32.10.3-2021.10.win32_1.0.0.202111181127/tools/bin/../lib/gcc/arm-none-eabi/10.3.1/../../../../arm-none-eabi/lib/thumb/v6-m/nofp\libc_nano.a(lib_a-init.o)
                0x0000000008004128                __libc_init_array
 .text.memset   0x0000000008004170       0x10 c:/st/stm32cubeide_1.9.0/stm32cubeide/plugins/com.st.stm32cube.ide.mcu.externaltools.gnu-tools-for-stm32.10.3-2021.10.win32_1.0.0.202111181127/tools/bin/../lib/gcc/arm-none-eabi/10.3.1/../../../../arm-none-eabi/lib/thumb/v6-m/nofp\libc_nano.a(lib_a-memset.o)
                0x0000000008004170                memset
 *(.glue_7)
 .glue_7        0x0000000008004180        0x0 linker stubs
 *(.glue_7t)
 .glue_7t       0x0000000008004180        0x0 linker stubs
 *(.eh_frame)
 .eh_frame      0x0000000008004180        0x0 c:/st/stm32cubeide_1.9.0/stm32cubeide/plugins/com.st.stm32cube.ide.mcu.externaltools.gnu-tools-for-stm32.10.3-2021.10.win32_1.0.0.202111181127/tools/bin/../lib/gcc/arm-none-eabi/10.3.1/thumb/v6-m/nofp/crtbegin.o
 *(.init)
 .init          0x0000000008004180        0x4 c:/st/stm32cubeide_1.9.0/stm32cubeide/plugins/com.st.stm32cube.ide.mcu.externaltools.gnu-tools-for-stm32.10.3-2021.10.win32_1.0.0.202111181127/tools/bin/../lib/gcc/arm-none-eabi/10.3.1/thumb/v6-m/nofp/crti.o
                0x0000000008004180                _init
 .init          0x0000000008004184        0x8 c:/st/stm32cubeide_1.9.0/stm32cubeide/plugins/com.st.stm32cube.ide.mcu.externaltools.gnu-tools-for-stm32.10.3-2021.10.win32_1.0.0.202111181127/tools/bin/../lib/gcc/arm-none-eabi/10.3.1/thumb/v6-m/nofp/crtn.o
 *(.fini)
 .fini          0x000000000800418c        0x4 c:/st/stm32cubeide_1.9.0/stm32cubeide/plugins/com.st.stm32cube.ide.mcu.externaltools.gnu-tools-for-stm32.10.3-2021.10.win32_1.0.0.202111181127/tools/bin/../lib/gcc/arm-none-eabi/10.3.1/thumb/v6-m/nofp/crti.o
                0x000000000800418c                _fini
 .fini          0x0000000008004190        0x8 c:/st/stm32cubeide_1.9.0/stm32cubeide/plugins/com.st.stm32cube.ide.mcu.externaltools.gnu-tools-for-stm32.10.3-2021.10.win32_1.0.0.202111181127/tools/bin/../lib/gcc/arm-none-eabi/10.3.1/thumb/v6-m/nofp/crtn.o
                0x0000000008004198                . = ALIGN (0x4)
                0x0000000008004198                _etext = .

.vfp11_veneer   0x0000000008004198        0x0
 .vfp11_veneer  0x0000000008004198        0x0 linker stubs

.v4_bx          0x0000000008004198        0x0
 .v4_bx         0x0000000008004198        0x0 linker stubs

.iplt           0x0000000008004198        0x0
 .iplt          0x0000000008004198        0x0 c:/st/stm32cubeide_1.9.0/stm32cubeide/plugins/com.st.stm32cube.ide.mcu.externaltools.gnu-tools-for-stm32.10.3-2021.10.win32_1.0.0.202111181127/tools/bin/../lib/gcc/arm-none-eabi/10.3.1/thumb/v6-m/nofp/crtbegin.o

.rodata         0x0000000008004198       0x80
                0x0000000008004198                . = ALIGN (0x4)
 *(.rodata)
 .rodata        0x0000000008004198       0x4c ./Core/Src/main.o
 .rodata        0x00000000080041e4       0x20 ./Drivers/STM32F0xx_HAL_Driver/Src/stm32f0xx_hal_rcc.o
 *(.rodata*)
 .rodata.ROW_16
                0x0000000008004204        0x4 ./Core/Src/LCD.o
                0x0000000008004204                ROW_16
 .rodata.AHBPrescTable
                0x0000000008004208       0x10 ./Core/Src/system_stm32f0xx.o
                0x0000000008004208                AHBPrescTable
                0x0000000008004218                . = ALIGN (0x4)

.rel.dyn        0x0000000008004218        0x0
 .rel.iplt      0x0000000008004218        0x0 c:/st/stm32cubeide_1.9.0/stm32cubeide/plugins/com.st.stm32cube.ide.mcu.externaltools.gnu-tools-for-stm32.10.3-2021.10.win32_1.0.0.202111181127/tools/bin/../lib/gcc/arm-none-eabi/10.3.1/thumb/v6-m/nofp/crtbegin.o

.ARM.extab      0x0000000008004218        0x0
                0x0000000008004218                . = ALIGN (0x4)
 *(.ARM.extab* .gnu.linkonce.armextab.*)
                0x0000000008004218                . = ALIGN (0x4)

.ARM            0x0000000008004218        0x0
                0x0000000008004218                . = ALIGN (0x4)
                0x0000000008004218                __exidx_start = .
 *(.ARM.exidx*)
                0x0000000008004218                __exidx_end = .
                0x0000000008004218                . = ALIGN (0x4)

.preinit_array  0x0000000008004218        0x0
                0x0000000008004218                . = ALIGN (0x4)
                0x0000000008004218                PROVIDE (__preinit_array_start = .)
 *(.preinit_array*)
                0x0000000008004218                PROVIDE (__preinit_array_end = .)
                0x0000000008004218                . = ALIGN (0x4)

.init_array     0x0000000008004218        0x4
                0x0000000008004218                . = ALIGN (0x4)
                0x0000000008004218                PROVIDE (__init_array_start = .)
 *(SORT_BY_NAME(.init_array.*))
 *(.init_array*)
 .init_array    0x0000000008004218        0x4 c:/st/stm32cubeide_1.9.0/stm32cubeide/plugins/com.st.stm32cube.ide.mcu.externaltools.gnu-tools-for-stm32.10.3-2021.10.win32_1.0.0.202111181127/tools/bin/../lib/gcc/arm-none-eabi/10.3.1/thumb/v6-m/nofp/crtbegin.o
                0x000000000800421c                PROVIDE (__init_array_end = .)
                0x000000000800421c                . = ALIGN (0x4)

.fini_array     0x000000000800421c        0x4
                0x000000000800421c                . = ALIGN (0x4)
                [!provide]                        PROVIDE (__fini_array_start = .)
 *(SORT_BY_NAME(.fini_array.*))
 *(.fini_array*)
 .fini_array    0x000000000800421c        0x4 c:/st/stm32cubeide_1.9.0/stm32cubeide/plugins/com.st.stm32cube.ide.mcu.externaltools.gnu-tools-for-stm32.10.3-2021.10.win32_1.0.0.202111181127/tools/bin/../lib/gcc/arm-none-eabi/10.3.1/thumb/v6-m/nofp/crtbegin.o
                [!provide]                        PROVIDE (__fini_array_end = .)
                0x0000000008004220                . = ALIGN (0x4)
                0x0000000008004220                _sidata = LOADADDR (.data)

.data           0x0000000020000000       0x28 load address 0x0000000008004220
                0x0000000020000000                . = ALIGN (0x4)
                0x0000000020000000                _sdata = .
 *(.data)
 *(.data*)
 .data.SetVolt  0x0000000020000000        0x2 ./Core/Src/DPU_3200_48.o
                0x0000000020000000                SetVolt
 .data.duty     0x0000000020000002        0x2 ./Core/Src/DPU_3200_48.o
                0x0000000020000002                duty
 .data.LCDArrayPort
                0x0000000020000004       0x10 ./Core/Src/main.o
                0x0000000020000004                LCDArrayPort
 .data.LCDArrayPins
                0x0000000020000014        0x8 ./Core/Src/main.o
                0x0000000020000014                LCDArrayPins
 .data.SystemCoreClock
                0x000000002000001c        0x4 ./Core/Src/system_stm32f0xx.o
                0x000000002000001c                SystemCoreClock
 .data.uwTickPrio
                0x0000000020000020        0x4 ./Drivers/STM32F0xx_HAL_Driver/Src/stm32f0xx_hal.o
                0x0000000020000020                uwTickPrio
 .data.uwTickFreq
                0x0000000020000024        0x1 ./Drivers/STM32F0xx_HAL_Driver/Src/stm32f0xx_hal.o
                0x0000000020000024                uwTickFreq
 *(.RamFunc)
 *(.RamFunc*)
                0x0000000020000028                . = ALIGN (0x4)
 *fill*         0x0000000020000025        0x3 
                0x0000000020000028                _edata = .

.igot.plt       0x0000000020000028        0x0 load address 0x0000000008004248
 .igot.plt      0x0000000020000028        0x0 c:/st/stm32cubeide_1.9.0/stm32cubeide/plugins/com.st.stm32cube.ide.mcu.externaltools.gnu-tools-for-stm32.10.3-2021.10.win32_1.0.0.202111181127/tools/bin/../lib/gcc/arm-none-eabi/10.3.1/thumb/v6-m/nofp/crtbegin.o
                0x0000000020000028                . = ALIGN (0x4)

.bss            0x0000000020000028      0x174 load address 0x0000000008004248
                0x0000000020000028                _sbss = .
                0x0000000020000028                __bss_start__ = _sbss
 *(.bss)
 .bss           0x0000000020000028       0x1c c:/st/stm32cubeide_1.9.0/stm32cubeide/plugins/com.st.stm32cube.ide.mcu.externaltools.gnu-tools-for-stm32.10.3-2021.10.win32_1.0.0.202111181127/tools/bin/../lib/gcc/arm-none-eabi/10.3.1/thumb/v6-m/nofp/crtbegin.o
 *(.bss*)
 .bss.DpuVol    0x0000000020000044        0x2 ./Core/Src/DPU_3200_48.o
                0x0000000020000044                DpuVol
 .bss.FactorDpu
                0x0000000020000046        0x2 ./Core/Src/DPU_3200_48.o
                0x0000000020000046                FactorDpu
 .bss.DPU_Vol_Count
                0x0000000020000048        0x2 ./Core/Src/DPU_3200_48.o
                0x0000000020000048                DPU_Vol_Count
 .bss.NextFlag  0x000000002000004a        0x1 ./Core/Src/DPU_3200_48.o
                0x000000002000004a                NextFlag
 *fill*         0x000000002000004b        0x1 
 .bss.ADC_Count_DPU
                0x000000002000004c       0x10 ./Core/Src/main.o
                0x000000002000004c                ADC_Count_DPU
 .bss.Vint_Cal  0x000000002000005c        0x2 ./Core/Src/main.o
                0x000000002000005c                Vint_Cal
 *fill*         0x000000002000005e        0x2 
 .bss.DPU_Char_Vol
                0x0000000020000060        0x5 ./Core/Src/main.o
                0x0000000020000060                DPU_Char_Vol
 *fill*         0x0000000020000065        0x1 
 .bss.DisplayCounter
                0x0000000020000066        0x2 ./Core/Src/main.o
                0x0000000020000066                DisplayCounter
 .bss.Encod_Counter
                0x0000000020000068        0x2 ./Core/Src/main.o
                0x0000000020000068                Encod_Counter
 *fill*         0x000000002000006a        0x2 
 .bss.lcd       0x000000002000006c       0x18 ./Core/Src/main.o
                0x000000002000006c                lcd
 .bss.hadc      0x0000000020000084       0x40 ./Core/Src/main.o
                0x0000000020000084                hadc
 .bss.hdma_adc  0x00000000200000c4       0x44 ./Core/Src/main.o
                0x00000000200000c4                hdma_adc
 .bss.htim2     0x0000000020000108       0x48 ./Core/Src/main.o
                0x0000000020000108                htim2
 .bss.htim3     0x0000000020000150       0x48 ./Core/Src/main.o
                0x0000000020000150                htim3
 .bss.uwTick    0x0000000020000198        0x4 ./Drivers/STM32F0xx_HAL_Driver/Src/stm32f0xx_hal.o
                0x0000000020000198                uwTick
 *(COMMON)
                0x000000002000019c                . = ALIGN (0x4)
                0x000000002000019c                _ebss = .
                0x000000002000019c                __bss_end__ = _ebss

._user_heap_stack
                0x000000002000019c      0x604 load address 0x0000000008004248
                0x00000000200001a0                . = ALIGN (0x8)
 *fill*         0x000000002000019c        0x4 
                [!provide]                        PROVIDE (end = .)
                0x00000000200001a0                PROVIDE (_end = .)
                0x00000000200003a0                . = (. + _Min_Heap_Size)
 *fill*         0x00000000200001a0      0x200 
                0x00000000200007a0                . = (. + _Min_Stack_Size)
 *fill*         0x00000000200003a0      0x400 
                0x00000000200007a0                . = ALIGN (0x8)

/DISCARD/
 libc.a(*)
 libm.a(*)
 libgcc.a(*)

.ARM.attributes
                0x0000000000000000       0x28
 *(.ARM.attributes)
 .ARM.attributes
                0x0000000000000000       0x1e c:/st/stm32cubeide_1.9.0/stm32cubeide/plugins/com.st.stm32cube.ide.mcu.externaltools.gnu-tools-for-stm32.10.3-2021.10.win32_1.0.0.202111181127/tools/bin/../lib/gcc/arm-none-eabi/10.3.1/thumb/v6-m/nofp/crti.o
 .ARM.attributes
                0x000000000000001e       0x2c c:/st/stm32cubeide_1.9.0/stm32cubeide/plugins/com.st.stm32cube.ide.mcu.externaltools.gnu-tools-for-stm32.10.3-2021.10.win32_1.0.0.202111181127/tools/bin/../lib/gcc/arm-none-eabi/10.3.1/thumb/v6-m/nofp/crtbegin.o
 .ARM.attributes
                0x000000000000004a       0x2c ./Core/Src/DPU_3200_48.o
 .ARM.attributes
                0x0000000000000076       0x2c ./Core/Src/LCD.o
 .ARM.attributes
                0x00000000000000a2       0x2c ./Core/Src/main.o
 .ARM.attributes
                0x00000000000000ce       0x2c ./Core/Src/stm32f0xx_hal_msp.o
 .ARM.attributes
                0x00000000000000fa       0x2c ./Core/Src/stm32f0xx_it.o
 .ARM.attributes
                0x0000000000000126       0x2c ./Core/Src/system_stm32f0xx.o
 .ARM.attributes
                0x0000000000000152       0x21 ./Core/Startup/startup_stm32f072rbtx.o
 .ARM.attributes
                0x0000000000000173       0x2c ./Drivers/STM32F0xx_HAL_Driver/Src/stm32f0xx_hal.o
 .ARM.attributes
                0x000000000000019f       0x2c ./Drivers/STM32F0xx_HAL_Driver/Src/stm32f0xx_hal_adc.o
 .ARM.attributes
                0x00000000000001cb       0x2c ./Drivers/STM32F0xx_HAL_Driver/Src/stm32f0xx_hal_cortex.o
 .ARM.attributes
                0x00000000000001f7       0x2c ./Drivers/STM32F0xx_HAL_Driver/Src/stm32f0xx_hal_dma.o
 .ARM.attributes
                0x0000000000000223       0x2c ./Drivers/STM32F0xx_HAL_Driver/Src/stm32f0xx_hal_gpio.o
 .ARM.attributes
                0x000000000000024f       0x2c ./Drivers/STM32F0xx_HAL_Driver/Src/stm32f0xx_hal_rcc.o
 .ARM.attributes
                0x000000000000027b       0x2c ./Drivers/STM32F0xx_HAL_Driver/Src/stm32f0xx_hal_tim.o
 .ARM.attributes
                0x00000000000002a7       0x2c ./Drivers/STM32F0xx_HAL_Driver/Src/stm32f0xx_hal_tim_ex.o
 .ARM.attributes
                0x00000000000002d3       0x2c c:/st/stm32cubeide_1.9.0/stm32cubeide/plugins/com.st.stm32cube.ide.mcu.externaltools.gnu-tools-for-stm32.10.3-2021.10.win32_1.0.0.202111181127/tools/bin/../lib/gcc/arm-none-eabi/10.3.1/../../../../arm-none-eabi/lib/thumb/v6-m/nofp\libc_nano.a(lib_a-init.o)
 .ARM.attributes
                0x00000000000002ff       0x2c c:/st/stm32cubeide_1.9.0/stm32cubeide/plugins/com.st.stm32cube.ide.mcu.externaltools.gnu-tools-for-stm32.10.3-2021.10.win32_1.0.0.202111181127/tools/bin/../lib/gcc/arm-none-eabi/10.3.1/../../../../arm-none-eabi/lib/thumb/v6-m/nofp\libc_nano.a(lib_a-memset.o)
 .ARM.attributes
                0x000000000000032b       0x1c c:/st/stm32cubeide_1.9.0/stm32cubeide/plugins/com.st.stm32cube.ide.mcu.externaltools.gnu-tools-for-stm32.10.3-2021.10.win32_1.0.0.202111181127/tools/bin/../lib/gcc/arm-none-eabi/10.3.1/../../../../arm-none-eabi/lib/thumb/v6-m/nofp\libc_nano.a(lib_a-strlen.o)
 .ARM.attributes
                0x0000000000000347       0x1e c:/st/stm32cubeide_1.9.0/stm32cubeide/plugins/com.st.stm32cube.ide.mcu.externaltools.gnu-tools-for-stm32.10.3-2021.10.win32_1.0.0.202111181127/tools/bin/../lib/gcc/arm-none-eabi/10.3.1/thumb/v6-m/nofp\libgcc.a(_udivsi3.o)
 .ARM.attributes
                0x0000000000000365       0x1e c:/st/stm32cubeide_1.9.0/stm32cubeide/plugins/com.st.stm32cube.ide.mcu.externaltools.gnu-tools-for-stm32.10.3-2021.10.win32_1.0.0.202111181127/tools/bin/../lib/gcc/arm-none-eabi/10.3.1/thumb/v6-m/nofp\libgcc.a(_divsi3.o)
 .ARM.attributes
                0x0000000000000383       0x1e c:/st/stm32cubeide_1.9.0/stm32cubeide/plugins/com.st.stm32cube.ide.mcu.externaltools.gnu-tools-for-stm32.10.3-2021.10.win32_1.0.0.202111181127/tools/bin/../lib/gcc/arm-none-eabi/10.3.1/thumb/v6-m/nofp\libgcc.a(_dvmd_tls.o)
 .ARM.attributes
                0x00000000000003a1       0x1e c:/st/stm32cubeide_1.9.0/stm32cubeide/plugins/com.st.stm32cube.ide.mcu.externaltools.gnu-tools-for-stm32.10.3-2021.10.win32_1.0.0.202111181127/tools/bin/../lib/gcc/arm-none-eabi/10.3.1/thumb/v6-m/nofp/crtn.o
OUTPUT(DPU_smbus.elf elf32-littlearm)
LOAD linker stubs
LOAD c:/st/stm32cubeide_1.9.0/stm32cubeide/plugins/com.st.stm32cube.ide.mcu.externaltools.gnu-tools-for-stm32.10.3-2021.10.win32_1.0.0.202111181127/tools/bin/../lib/gcc/arm-none-eabi/10.3.1/../../../../arm-none-eabi/lib/thumb/v6-m/nofp\libc.a
LOAD c:/st/stm32cubeide_1.9.0/stm32cubeide/plugins/com.st.stm32cube.ide.mcu.externaltools.gnu-tools-for-stm32.10.3-2021.10.win32_1.0.0.202111181127/tools/bin/../lib/gcc/arm-none-eabi/10.3.1/../../../../arm-none-eabi/lib/thumb/v6-m/nofp\libm.a
LOAD c:/st/stm32cubeide_1.9.0/stm32cubeide/plugins/com.st.stm32cube.ide.mcu.externaltools.gnu-tools-for-stm32.10.3-2021.10.win32_1.0.0.202111181127/tools/bin/../lib/gcc/arm-none-eabi/10.3.1/thumb/v6-m/nofp\libgcc.a

.debug_info     0x0000000000000000     0xa778
 .debug_info    0x0000000000000000      0x389 ./Core/Src/DPU_3200_48.o
 .debug_info    0x0000000000000389      0x687 ./Core/Src/LCD.o
 .debug_info    0x0000000000000a10     0x13bf ./Core/Src/main.o
 .debug_info    0x0000000000001dcf      0xdf5 ./Core/Src/stm32f0xx_hal_msp.o
 .debug_info    0x0000000000002bc4      0x6d8 ./Core/Src/stm32f0xx_it.o
 .debug_info    0x000000000000329c      0x269 ./Core/Src/system_stm32f0xx.o
 .debug_info    0x0000000000003505       0x22 ./Core/Startup/startup_stm32f072rbtx.o
 .debug_info    0x0000000000003527      0x6f6 ./Drivers/STM32F0xx_HAL_Driver/Src/stm32f0xx_hal.o
 .debug_info    0x0000000000003c1d      0xcfd ./Drivers/STM32F0xx_HAL_Driver/Src/stm32f0xx_hal_adc.o
 .debug_info    0x000000000000491a      0x723 ./Drivers/STM32F0xx_HAL_Driver/Src/stm32f0xx_hal_cortex.o
 .debug_info    0x000000000000503d      0x75c ./Drivers/STM32F0xx_HAL_Driver/Src/stm32f0xx_hal_dma.o
 .debug_info    0x0000000000005799      0x628 ./Drivers/STM32F0xx_HAL_Driver/Src/stm32f0xx_hal_gpio.o
 .debug_info    0x0000000000005dc1      0x8ac ./Drivers/STM32F0xx_HAL_Driver/Src/stm32f0xx_hal_rcc.o
 .debug_info    0x000000000000666d     0x2b73 ./Drivers/STM32F0xx_HAL_Driver/Src/stm32f0xx_hal_tim.o
 .debug_info    0x00000000000091e0     0x1598 ./Drivers/STM32F0xx_HAL_Driver/Src/stm32f0xx_hal_tim_ex.o

.debug_abbrev   0x0000000000000000     0x1d5b
 .debug_abbrev  0x0000000000000000      0x182 ./Core/Src/DPU_3200_48.o
 .debug_abbrev  0x0000000000000182      0x210 ./Core/Src/LCD.o
 .debug_abbrev  0x0000000000000392      0x32f ./Core/Src/main.o
 .debug_abbrev  0x00000000000006c1      0x202 ./Core/Src/stm32f0xx_hal_msp.o
 .debug_abbrev  0x00000000000008c3      0x184 ./Core/Src/stm32f0xx_it.o
 .debug_abbrev  0x0000000000000a47      0x116 ./Core/Src/system_stm32f0xx.o
 .debug_abbrev  0x0000000000000b5d       0x12 ./Core/Startup/startup_stm32f072rbtx.o
 .debug_abbrev  0x0000000000000b6f      0x20e ./Drivers/STM32F0xx_HAL_Driver/Src/stm32f0xx_hal.o
 .debug_abbrev  0x0000000000000d7d      0x243 ./Drivers/STM32F0xx_HAL_Driver/Src/stm32f0xx_hal_adc.o
 .debug_abbrev  0x0000000000000fc0      0x283 ./Drivers/STM32F0xx_HAL_Driver/Src/stm32f0xx_hal_cortex.o
 .debug_abbrev  0x0000000000001243      0x218 ./Drivers/STM32F0xx_HAL_Driver/Src/stm32f0xx_hal_dma.o
 .debug_abbrev  0x000000000000145b      0x1bb ./Drivers/STM32F0xx_HAL_Driver/Src/stm32f0xx_hal_gpio.o
 .debug_abbrev  0x0000000000001616      0x283 ./Drivers/STM32F0xx_HAL_Driver/Src/stm32f0xx_hal_rcc.o
 .debug_abbrev  0x0000000000001899      0x25d ./Drivers/STM32F0xx_HAL_Driver/Src/stm32f0xx_hal_tim.o
 .debug_abbrev  0x0000000000001af6      0x265 ./Drivers/STM32F0xx_HAL_Driver/Src/stm32f0xx_hal_tim_ex.o

.debug_aranges  0x0000000000000000      0xb30
 .debug_aranges
                0x0000000000000000       0x40 ./Core/Src/DPU_3200_48.o
 .debug_aranges
                0x0000000000000040       0x70 ./Core/Src/LCD.o
 .debug_aranges
                0x00000000000000b0       0x78 ./Core/Src/main.o
 .debug_aranges
                0x0000000000000128       0x48 ./Core/Src/stm32f0xx_hal_msp.o
 .debug_aranges
                0x0000000000000170       0x50 ./Core/Src/stm32f0xx_it.o
 .debug_aranges
                0x00000000000001c0       0x28 ./Core/Src/system_stm32f0xx.o
 .debug_aranges
                0x00000000000001e8       0x28 ./Core/Startup/startup_stm32f072rbtx.o
 .debug_aranges
                0x0000000000000210       0xd0 ./Drivers/STM32F0xx_HAL_Driver/Src/stm32f0xx_hal.o
 .debug_aranges
                0x00000000000002e0       0xf8 ./Drivers/STM32F0xx_HAL_Driver/Src/stm32f0xx_hal_adc.o
 .debug_aranges
                0x00000000000003d8       0xc0 ./Drivers/STM32F0xx_HAL_Driver/Src/stm32f0xx_hal_cortex.o
 .debug_aranges
                0x0000000000000498       0x88 ./Drivers/STM32F0xx_HAL_Driver/Src/stm32f0xx_hal_dma.o
 .debug_aranges
                0x0000000000000520       0x58 ./Drivers/STM32F0xx_HAL_Driver/Src/stm32f0xx_hal_gpio.o
 .debug_aranges
                0x0000000000000578       0x80 ./Drivers/STM32F0xx_HAL_Driver/Src/stm32f0xx_hal_rcc.o
 .debug_aranges
                0x00000000000005f8      0x3d0 ./Drivers/STM32F0xx_HAL_Driver/Src/stm32f0xx_hal_tim.o
 .debug_aranges
                0x00000000000009c8      0x168 ./Drivers/STM32F0xx_HAL_Driver/Src/stm32f0xx_hal_tim_ex.o

.debug_ranges   0x0000000000000000      0xa78
 .debug_ranges  0x0000000000000000       0x60 ./Core/Src/DPU_3200_48.o
 .debug_ranges  0x0000000000000060       0x60 ./Core/Src/LCD.o
 .debug_ranges  0x00000000000000c0       0x68 ./Core/Src/main.o
 .debug_ranges  0x0000000000000128       0x38 ./Core/Src/stm32f0xx_hal_msp.o
 .debug_ranges  0x0000000000000160       0x40 ./Core/Src/stm32f0xx_it.o
 .debug_ranges  0x00000000000001a0       0x18 ./Core/Src/system_stm32f0xx.o
 .debug_ranges  0x00000000000001b8       0x20 ./Core/Startup/startup_stm32f072rbtx.o
 .debug_ranges  0x00000000000001d8       0xc0 ./Drivers/STM32F0xx_HAL_Driver/Src/stm32f0xx_hal.o
 .debug_ranges  0x0000000000000298       0xe8 ./Drivers/STM32F0xx_HAL_Driver/Src/stm32f0xx_hal_adc.o
 .debug_ranges  0x0000000000000380       0xb0 ./Drivers/STM32F0xx_HAL_Driver/Src/stm32f0xx_hal_cortex.o
 .debug_ranges  0x0000000000000430       0x78 ./Drivers/STM32F0xx_HAL_Driver/Src/stm32f0xx_hal_dma.o
 .debug_ranges  0x00000000000004a8       0x48 ./Drivers/STM32F0xx_HAL_Driver/Src/stm32f0xx_hal_gpio.o
 .debug_ranges  0x00000000000004f0       0x70 ./Drivers/STM32F0xx_HAL_Driver/Src/stm32f0xx_hal_rcc.o
 .debug_ranges  0x0000000000000560      0x3c0 ./Drivers/STM32F0xx_HAL_Driver/Src/stm32f0xx_hal_tim.o
 .debug_ranges  0x0000000000000920      0x158 ./Drivers/STM32F0xx_HAL_Driver/Src/stm32f0xx_hal_tim_ex.o

.debug_macro    0x0000000000000000    0x19f6a
 .debug_macro   0x0000000000000000      0x1db ./Core/Src/DPU_3200_48.o
 .debug_macro   0x00000000000001db      0xa4e ./Core/Src/DPU_3200_48.o
 .debug_macro   0x0000000000000c29       0x22 ./Core/Src/DPU_3200_48.o
 .debug_macro   0x0000000000000c4b       0x8e ./Core/Src/DPU_3200_48.o
 .debug_macro   0x0000000000000cd9       0x51 ./Core/Src/DPU_3200_48.o
 .debug_macro   0x0000000000000d2a      0x103 ./Core/Src/DPU_3200_48.o
 .debug_macro   0x0000000000000e2d       0x6a ./Core/Src/DPU_3200_48.o
 .debug_macro   0x0000000000000e97      0x1df ./Core/Src/DPU_3200_48.o
 .debug_macro   0x0000000000001076      0x133 ./Core/Src/DPU_3200_48.o
 .debug_macro   0x00000000000011a9       0x2e ./Core/Src/DPU_3200_48.o
 .debug_macro   0x00000000000011d7       0x22 ./Core/Src/DPU_3200_48.o
 .debug_macro   0x00000000000011f9       0x1c ./Core/Src/DPU_3200_48.o
 .debug_macro   0x0000000000001215       0x22 ./Core/Src/DPU_3200_48.o
 .debug_macro   0x0000000000001237       0xaf ./Core/Src/DPU_3200_48.o
 .debug_macro   0x00000000000012e6      0x391 ./Core/Src/DPU_3200_48.o
 .debug_macro   0x0000000000001677     0xfe57 ./Core/Src/DPU_3200_48.o
 .debug_macro   0x00000000000114ce       0x66 ./Core/Src/DPU_3200_48.o
 .debug_macro   0x0000000000011534     0x34a6 ./Core/Src/DPU_3200_48.o
 .debug_macro   0x00000000000149da      0x174 ./Core/Src/DPU_3200_48.o
 .debug_macro   0x0000000000014b4e       0x55 ./Core/Src/DPU_3200_48.o
 .debug_macro   0x0000000000014ba3      0x946 ./Core/Src/DPU_3200_48.o
 .debug_macro   0x00000000000154e9      0x5f3 ./Core/Src/DPU_3200_48.o
 .debug_macro   0x0000000000015adc      0x1af ./Core/Src/DPU_3200_48.o
 .debug_macro   0x0000000000015c8b      0x1a7 ./Core/Src/DPU_3200_48.o
 .debug_macro   0x0000000000015e32      0x1a7 ./Core/Src/DPU_3200_48.o
 .debug_macro   0x0000000000015fd9      0x22c ./Core/Src/DPU_3200_48.o
 .debug_macro   0x0000000000016205       0x34 ./Core/Src/DPU_3200_48.o
 .debug_macro   0x0000000000016239       0x43 ./Core/Src/DPU_3200_48.o
 .debug_macro   0x000000000001627c       0x28 ./Core/Src/DPU_3200_48.o
 .debug_macro   0x00000000000162a4      0x33d ./Core/Src/DPU_3200_48.o
 .debug_macro   0x00000000000165e1       0xd4 ./Core/Src/DPU_3200_48.o
 .debug_macro   0x00000000000166b5       0xb0 ./Core/Src/DPU_3200_48.o
 .debug_macro   0x0000000000016765      0x217 ./Core/Src/DPU_3200_48.o
 .debug_macro   0x000000000001697c      0x22c ./Core/Src/DPU_3200_48.o
 .debug_macro   0x0000000000016ba8       0x61 ./Core/Src/DPU_3200_48.o
 .debug_macro   0x0000000000016c09       0xa5 ./Core/Src/DPU_3200_48.o
 .debug_macro   0x0000000000016cae       0x4c ./Core/Src/DPU_3200_48.o
 .debug_macro   0x0000000000016cfa      0x16d ./Core/Src/DPU_3200_48.o
 .debug_macro   0x0000000000016e67      0x8d8 ./Core/Src/DPU_3200_48.o
 .debug_macro   0x000000000001773f       0x28 ./Core/Src/DPU_3200_48.o
 .debug_macro   0x0000000000017767      0x130 ./Core/Src/DPU_3200_48.o
 .debug_macro   0x0000000000017897       0x64 ./Core/Src/DPU_3200_48.o
 .debug_macro   0x00000000000178fb      0x36e ./Core/Src/LCD.o
 .debug_macro   0x0000000000017c69       0x10 ./Core/Src/LCD.o
 .debug_macro   0x0000000000017c79       0x52 ./Core/Src/LCD.o
 .debug_macro   0x0000000000017ccb       0x18 ./Core/Src/LCD.o
 .debug_macro   0x0000000000017ce3       0x3c ./Core/Src/LCD.o
 .debug_macro   0x0000000000017d1f       0x34 ./Core/Src/LCD.o
 .debug_macro   0x0000000000017d53       0x16 ./Core/Src/LCD.o
 .debug_macro   0x0000000000017d69       0x43 ./Core/Src/LCD.o
 .debug_macro   0x0000000000017dac       0x34 ./Core/Src/LCD.o
 .debug_macro   0x0000000000017de0       0x10 ./Core/Src/LCD.o
 .debug_macro   0x0000000000017df0       0x58 ./Core/Src/LCD.o
 .debug_macro   0x0000000000017e48       0x71 ./Core/Src/LCD.o
 .debug_macro   0x0000000000017eb9       0x1c ./Core/Src/LCD.o
 .debug_macro   0x0000000000017ed5      0x12a ./Core/Src/LCD.o
 .debug_macro   0x0000000000017fff      0x341 ./Core/Src/LCD.o
 .debug_macro   0x0000000000018340       0x10 ./Core/Src/LCD.o
 .debug_macro   0x0000000000018350       0x35 ./Core/Src/LCD.o
 .debug_macro   0x0000000000018385       0x20 ./Core/Src/LCD.o
 .debug_macro   0x00000000000183a5       0x1c ./Core/Src/LCD.o
 .debug_macro   0x00000000000183c1       0x10 ./Core/Src/LCD.o
 .debug_macro   0x00000000000183d1       0x10 ./Core/Src/LCD.o
 .debug_macro   0x00000000000183e1       0x1c ./Core/Src/LCD.o
 .debug_macro   0x00000000000183fd       0x52 ./Core/Src/LCD.o
 .debug_macro   0x000000000001844f       0x22 ./Core/Src/LCD.o
 .debug_macro   0x0000000000018471       0x10 ./Core/Src/LCD.o
 .debug_macro   0x0000000000018481       0x52 ./Core/Src/LCD.o
 .debug_macro   0x00000000000184d3       0xd5 ./Core/Src/LCD.o
 .debug_macro   0x00000000000185a8       0x1c ./Core/Src/LCD.o
 .debug_macro   0x00000000000185c4       0x3d ./Core/Src/LCD.o
 .debug_macro   0x0000000000018601       0x16 ./Core/Src/LCD.o
 .debug_macro   0x0000000000018617      0x145 ./Core/Src/LCD.o
 .debug_macro   0x000000000001875c       0xa0 ./Core/Src/LCD.o
 .debug_macro   0x00000000000187fc      0x38e ./Core/Src/main.o
 .debug_macro   0x0000000000018b8a      0x1d1 ./Core/Src/stm32f0xx_hal_msp.o
 .debug_macro   0x0000000000018d5b      0x1db ./Core/Src/stm32f0xx_it.o
 .debug_macro   0x0000000000018f36      0x1c2 ./Core/Src/system_stm32f0xx.o
 .debug_macro   0x00000000000190f8      0x1e6 ./Drivers/STM32F0xx_HAL_Driver/Src/stm32f0xx_hal.o
 .debug_macro   0x00000000000192de      0x1e6 ./Drivers/STM32F0xx_HAL_Driver/Src/stm32f0xx_hal_adc.o
 .debug_macro   0x00000000000194c4      0x1c2 ./Drivers/STM32F0xx_HAL_Driver/Src/stm32f0xx_hal_cortex.o
 .debug_macro   0x0000000000019686      0x1c2 ./Drivers/STM32F0xx_HAL_Driver/Src/stm32f0xx_hal_dma.o
 .debug_macro   0x0000000000019848      0x1c9 ./Drivers/STM32F0xx_HAL_Driver/Src/stm32f0xx_hal_gpio.o
 .debug_macro   0x0000000000019a11      0x1d4 ./Drivers/STM32F0xx_HAL_Driver/Src/stm32f0xx_hal_rcc.o
 .debug_macro   0x0000000000019be5      0x1c3 ./Drivers/STM32F0xx_HAL_Driver/Src/stm32f0xx_hal_tim.o
 .debug_macro   0x0000000000019da8      0x1c2 ./Drivers/STM32F0xx_HAL_Driver/Src/stm32f0xx_hal_tim_ex.o

.debug_line     0x0000000000000000     0xd178
 .debug_line    0x0000000000000000      0x969 ./Core/Src/DPU_3200_48.o
 .debug_line    0x0000000000000969      0xaea ./Core/Src/LCD.o
 .debug_line    0x0000000000001453      0xcbb ./Core/Src/main.o
 .debug_line    0x000000000000210e      0x7c6 ./Core/Src/stm32f0xx_hal_msp.o
 .debug_line    0x00000000000028d4      0x766 ./Core/Src/stm32f0xx_it.o
 .debug_line    0x000000000000303a      0x759 ./Core/Src/system_stm32f0xx.o
 .debug_line    0x0000000000003793       0x89 ./Core/Startup/startup_stm32f072rbtx.o
 .debug_line    0x000000000000381c      0x94c ./Drivers/STM32F0xx_HAL_Driver/Src/stm32f0xx_hal.o
 .debug_line    0x0000000000004168     0x1192 ./Drivers/STM32F0xx_HAL_Driver/Src/stm32f0xx_hal_adc.o
 .debug_line    0x00000000000052fa      0x9f8 ./Drivers/STM32F0xx_HAL_Driver/Src/stm32f0xx_hal_cortex.o
 .debug_line    0x0000000000005cf2      0xc68 ./Drivers/STM32F0xx_HAL_Driver/Src/stm32f0xx_hal_dma.o
 .debug_line    0x000000000000695a      0xade ./Drivers/STM32F0xx_HAL_Driver/Src/stm32f0xx_hal_gpio.o
 .debug_line    0x0000000000007438      0xddb ./Drivers/STM32F0xx_HAL_Driver/Src/stm32f0xx_hal_rcc.o
 .debug_line    0x0000000000008213     0x367b ./Drivers/STM32F0xx_HAL_Driver/Src/stm32f0xx_hal_tim.o
 .debug_line    0x000000000000b88e     0x18ea ./Drivers/STM32F0xx_HAL_Driver/Src/stm32f0xx_hal_tim_ex.o

.debug_str      0x0000000000000000    0x96e67
 .debug_str     0x0000000000000000    0x8ff70 ./Core/Src/DPU_3200_48.o
                                      0x90229 (size before relaxing)
 .debug_str     0x000000000008ff70     0x4121 ./Core/Src/LCD.o
                                      0x94268 (size before relaxing)
 .debug_str     0x0000000000094091      0xaf5 ./Core/Src/main.o
                                      0x94dfd (size before relaxing)
 .debug_str     0x0000000000094b86      0x250 ./Core/Src/stm32f0xx_hal_msp.o
                                      0x90b70 (size before relaxing)
 .debug_str     0x0000000000094dd6       0xb8 ./Core/Src/stm32f0xx_it.o
                                      0x9068a (size before relaxing)
 .debug_str     0x0000000000094e8e       0x8b ./Core/Src/system_stm32f0xx.o
                                      0x90096 (size before relaxing)
 .debug_str     0x0000000000094f19       0x36 ./Core/Startup/startup_stm32f072rbtx.o
                                         0x50 (size before relaxing)
 .debug_str     0x0000000000094f4f      0x384 ./Drivers/STM32F0xx_HAL_Driver/Src/stm32f0xx_hal.o
                                      0x90689 (size before relaxing)
 .debug_str     0x00000000000952d3      0x371 ./Drivers/STM32F0xx_HAL_Driver/Src/stm32f0xx_hal_adc.o
                                      0x90793 (size before relaxing)
 .debug_str     0x0000000000095644      0x183 ./Drivers/STM32F0xx_HAL_Driver/Src/stm32f0xx_hal_cortex.o
                                      0x9047a (size before relaxing)
 .debug_str     0x00000000000957c7      0x1fa ./Drivers/STM32F0xx_HAL_Driver/Src/stm32f0xx_hal_dma.o
                                      0x9043c (size before relaxing)
 .debug_str     0x00000000000959c1       0xfc ./Drivers/STM32F0xx_HAL_Driver/Src/stm32f0xx_hal_gpio.o
                                      0x90237 (size before relaxing)
 .debug_str     0x0000000000095abd      0x21a ./Drivers/STM32F0xx_HAL_Driver/Src/stm32f0xx_hal_rcc.o
                                      0x904dd (size before relaxing)
 .debug_str     0x0000000000095cd7      0xcfd ./Drivers/STM32F0xx_HAL_Driver/Src/stm32f0xx_hal_tim.o
                                      0x9149c (size before relaxing)
 .debug_str     0x00000000000969d4      0x493 ./Drivers/STM32F0xx_HAL_Driver/Src/stm32f0xx_hal_tim_ex.o
                                      0x90cb8 (size before relaxing)

.comment        0x0000000000000000       0x50
 .comment       0x0000000000000000       0x50 ./Core/Src/DPU_3200_48.o
                                         0x51 (size before relaxing)
 .comment       0x0000000000000050       0x51 ./Core/Src/LCD.o
 .comment       0x0000000000000050       0x51 ./Core/Src/main.o
 .comment       0x0000000000000050       0x51 ./Core/Src/stm32f0xx_hal_msp.o
 .comment       0x0000000000000050       0x51 ./Core/Src/stm32f0xx_it.o
 .comment       0x0000000000000050       0x51 ./Core/Src/system_stm32f0xx.o
 .comment       0x0000000000000050       0x51 ./Drivers/STM32F0xx_HAL_Driver/Src/stm32f0xx_hal.o
 .comment       0x0000000000000050       0x51 ./Drivers/STM32F0xx_HAL_Driver/Src/stm32f0xx_hal_adc.o
 .comment       0x0000000000000050       0x51 ./Drivers/STM32F0xx_HAL_Driver/Src/stm32f0xx_hal_cortex.o
 .comment       0x0000000000000050       0x51 ./Drivers/STM32F0xx_HAL_Driver/Src/stm32f0xx_hal_dma.o
 .comment       0x0000000000000050       0x51 ./Drivers/STM32F0xx_HAL_Driver/Src/stm32f0xx_hal_gpio.o
 .comment       0x0000000000000050       0x51 ./Drivers/STM32F0xx_HAL_Driver/Src/stm32f0xx_hal_rcc.o
 .comment       0x0000000000000050       0x51 ./Drivers/STM32F0xx_HAL_Driver/Src/stm32f0xx_hal_tim.o
 .comment       0x0000000000000050       0x51 ./Drivers/STM32F0xx_HAL_Driver/Src/stm32f0xx_hal_tim_ex.o

.debug_frame    0x0000000000000000     0x27d8
 .debug_frame   0x0000000000000000       0xac ./Core/Src/DPU_3200_48.o
 .debug_frame   0x00000000000000ac      0x170 ./Core/Src/LCD.o
 .debug_frame   0x000000000000021c      0x184 ./Core/Src/main.o
 .debug_frame   0x00000000000003a0       0xd0 ./Core/Src/stm32f0xx_hal_msp.o
 .debug_frame   0x0000000000000470       0xd4 ./Core/Src/stm32f0xx_it.o
 .debug_frame   0x0000000000000544       0x4c ./Core/Src/system_stm32f0xx.o
 .debug_frame   0x0000000000000590      0x2a4 ./Drivers/STM32F0xx_HAL_Driver/Src/stm32f0xx_hal.o
 .debug_frame   0x0000000000000834      0x3a0 ./Drivers/STM32F0xx_HAL_Driver/Src/stm32f0xx_hal_adc.o
 .debug_frame   0x0000000000000bd4      0x2a0 ./Drivers/STM32F0xx_HAL_Driver/Src/stm32f0xx_hal_cortex.o
 .debug_frame   0x0000000000000e74      0x1d0 ./Drivers/STM32F0xx_HAL_Driver/Src/stm32f0xx_hal_dma.o
 .debug_frame   0x0000000000001044      0x110 ./Drivers/STM32F0xx_HAL_Driver/Src/stm32f0xx_hal_gpio.o
 .debug_frame   0x0000000000001154      0x198 ./Drivers/STM32F0xx_HAL_Driver/Src/stm32f0xx_hal_rcc.o
 .debug_frame   0x00000000000012ec      0xf00 ./Drivers/STM32F0xx_HAL_Driver/Src/stm32f0xx_hal_tim.o
 .debug_frame   0x00000000000021ec      0x560 ./Drivers/STM32F0xx_HAL_Driver/Src/stm32f0xx_hal_tim_ex.o
 .debug_frame   0x000000000000274c       0x2c c:/st/stm32cubeide_1.9.0/stm32cubeide/plugins/com.st.stm32cube.ide.mcu.externaltools.gnu-tools-for-stm32.10.3-2021.10.win32_1.0.0.202111181127/tools/bin/../lib/gcc/arm-none-eabi/10.3.1/../../../../arm-none-eabi/lib/thumb/v6-m/nofp\libc_nano.a(lib_a-init.o)
 .debug_frame   0x0000000000002778       0x20 c:/st/stm32cubeide_1.9.0/stm32cubeide/plugins/com.st.stm32cube.ide.mcu.externaltools.gnu-tools-for-stm32.10.3-2021.10.win32_1.0.0.202111181127/tools/bin/../lib/gcc/arm-none-eabi/10.3.1/../../../../arm-none-eabi/lib/thumb/v6-m/nofp\libc_nano.a(lib_a-memset.o)
 .debug_frame   0x0000000000002798       0x20 c:/st/stm32cubeide_1.9.0/stm32cubeide/plugins/com.st.stm32cube.ide.mcu.externaltools.gnu-tools-for-stm32.10.3-2021.10.win32_1.0.0.202111181127/tools/bin/../lib/gcc/arm-none-eabi/10.3.1/thumb/v6-m/nofp\libgcc.a(_udivsi3.o)
 .debug_frame   0x00000000000027b8       0x20 c:/st/stm32cubeide_1.9.0/stm32cubeide/plugins/com.st.stm32cube.ide.mcu.externaltools.gnu-tools-for-stm32.10.3-2021.10.win32_1.0.0.202111181127/tools/bin/../lib/gcc/arm-none-eabi/10.3.1/thumb/v6-m/nofp\libgcc.a(_divsi3.o)
