../Core/Src/main.c:91:5:main	56	static
../Core/Src/main.c:177:6:SystemClock_Config	88	static
../Core/Src/main.c:214:13:MX_ADC_Init	24	static
../Core/Src/main.c:292:13:MX_TIM2_Init	32	static
../Core/Src/main.c:337:13:MX_TIM3_Init	64	static
../Core/Src/main.c:394:13:MX_DMA_Init	16	static
../Core/Src/main.c:412:13:MX_GPIO_Init	48	static
../Core/Src/main.c:450:6:Bitwise	8	static
../Core/Src/main.c:458:6:DPU_Display	8	static
../Core/Src/main.c:511:6:EncoderAPI	8	static
../Core/Src/main.c:546:6:HAL_TIM_PeriodElapsedCallback	16	static
../Core/Src/main.c:569:6:Error_Handler	8	static,ignoring_inline_asm
